// Jest Snapshot v1, https://goo.gl/fbAQLP

exports[`renders correctly 1`] = `
<View
  style={
    Object {
      "flexDirection": "row",
      "flexWrap": "wrap",
    }
  }
>
  <Text
    accessible={true}
    allowFontScaling={true}
    ellipsizeMode="tail"
    onPress={[Function]}
  >
    someUser
     gifted you 
    100
     views 
    <Text
      accessible={true}
      allowFontScaling={true}
      ellipsizeMode="tail"
    >
      <Text
        accessible={true}
        allowFontScaling={true}
        ellipsizeMode="tail"
      >
        for 
      </Text>
      <Text
        accessible={true}
        allowFontScaling={true}
        ellipsizeMode="tail"
        style={
          Object {
            "color": "#444",
            "fontWeight": "bold",
          }
        }
      >
        some title
      </Text>
    </Text>
  </Text>
</View>
`;
