// Jest Snapshot v1, https://goo.gl/fbAQLP

exports[`renders correctly 1`] = `
<View
  style={
    Object {
      "flexDirection": "row",
      "flexWrap": "wrap",
    }
  }
>
  <Text
    accessible={true}
    allowFontScaling={true}
    ellipsizeMode="tail"
    onPress={[Function]}
  >
    You were kicked off from 
    <Text
      accessible={true}
      allowFontScaling={true}
      ellipsizeMode="tail"
    >
      someGroup
    </Text>
  </Text>
</View>
`;
