// Jest Snapshot v1, https://goo.gl/fbAQLP

exports[`Boost action component renders correctly 1`] = `
<Component
  style={
    Array [
      Object {
        "flex": 1,
      },
      Object {
        "flexDirection": "row",
        "justifyContent": "center",
      },
    ]
  }
>
  <PreventDoubleTap
    onPress={[Function]}
    style={
      Array [
        Object {
          "flex": 1,
        },
        Object {
          "flexDirection": "row",
          "justifyContent": "center",
        },
        Object {
          "alignItems": "center",
          "backgroundColor": "white",
          "borderColor": "#4690D6",
          "borderRadius": 3,
          "borderWidth": 1,
          "margin": 4,
          "padding": 4,
        },
        undefined,
      ]
    }
    underlayColor="transparent"
  >
    <Text
      accessible={true}
      adjustsFontSizeToFit={true}
      allowFontScaling={true}
      ellipsizeMode="tail"
      numberOfLines={1}
      style={
        Array [
          Object {
            "fontFamily": "Roboto",
            "fontSize": 12,
            "paddingLeft": 2,
            "paddingRight": 2,
          },
          Object {
            "color": "#4690D6",
          },
        ]
      }
    >
      BOOST
    </Text>
  </PreventDoubleTap>
</Component>
`;
