// Jest Snapshot v1, https://goo.gl/fbAQLP

exports[`Thumb action component renders correctly 1`] = `
<PreventDoubleTap
  onPress={[Function]}
  style={
    Array [
      Object {
        "flex": 1,
      },
      Object {
        "flexDirection": "row",
        "justifyContent": "center",
      },
    ]
  }
>
  <Icon
    color="rgb(96, 125, 139)"
    name="repeat"
    raised={false}
    reverse={false}
    reverseColor="white"
    size={20}
    underlayColor="white"
  />
  <Counter
    size={15}
  />
  <Component
    style={
      Object {
        "alignItems": "center",
        "backgroundColor": "#ede3f2",
      }
    }
  >
    <Component
      animationType="slide"
      hardwareAccelerated={false}
      onRequestClose={[Function]}
      transparent={false}
      visible={false}
    >
      <Component
        style={
          Object {
            "flex": 1,
            "paddingTop": 4,
          }
        }
      >
        <Component
          style={
            Object {
              "padding": 5,
            }
          }
        >
          <Icon
            allowFontScaling={false}
            color="gray"
            name="md-close"
            onPress={[Function]}
            size={30}
          />
        </Component>
        <RemindModal
          entity={
            Object {
              "attachment_guid": false,
              "blurb": false,
              "container_guid": "activityguid0",
              "custom_data": false,
              "custom_type": false,
              "description": "Congratulations! ",
              "edited": "",
              "guid": "activityguid0",
              "mature": false,
              "message": "Message",
              "ownerObj": Object {
                "getAvatarSource": [Function],
                "guid": "824853017709780997",
                "subtype": false,
                "time_created": "1522036284",
                "type": "user",
              },
              "owner_guid": "824853017709780997",
              "parent_guid": "838106762591510528",
              "perma_url": false,
              "thumbnail_src": false,
              "title": "TITLE",
              "type": "activity",
            }
          }
          onClose={[Function]}
        />
      </Component>
    </Component>
  </Component>
</PreventDoubleTap>
`;
