// Jest Snapshot v1, https://goo.gl/fbAQLP

exports[`Activity editor component renders correctly 1`] = `
<Component
  style={
    Object {
      "flex": 1,
    }
  }
>
  <TextInput
    allowFontScaling={true}
    multiline={true}
    numberOfLines={4}
    onChangeText={[Function]}
    style={
      Object {
        "borderColor": "gray",
        "width": "100%",
      }
    }
    value="Message"
  />
  <Component
    style={
      Array [
        Object {
          "flexDirection": "row",
          "justifyContent": "flex-end",
        },
        Object {
          "padding": 8,
        },
      ]
    }
  >
    <Button
      onPress={[Function]}
      title="Cancel"
    />
    <Button
      backgroundColor="#4690D6"
      onPress={[Function]}
      title="Save"
    />
  </Component>
</Component>
`;
